Detecting compiler hash for triplet arm64-osx...
Compiler found: /usr/bin/c++
The following packages will be built and installed:
    bde:arm64-osx@4.18.0.0
  * boost-algorithm:arm64-osx@1.89.0
  * boost-align:arm64-osx@1.89.0
  * boost-array:arm64-osx@1.89.0
    boost-asio[core,deadline-timer,spawn]:arm64-osx@1.89.0
  * boost-assert:arm64-osx@1.89.0
    boost-beast:arm64-osx@1.89.0
  * boost-bind:arm64-osx@1.89.0
  * boost-cmake:arm64-osx@1.89.0
  * boost-concept-check:arm64-osx@1.89.0
  * boost-config:arm64-osx@1.89.0
  * boost-container:arm64-osx@1.89.0
  * boost-container-hash:arm64-osx@1.89.0
  * boost-context:arm64-osx@1.89.0
  * boost-conversion:arm64-osx@1.89.0
  * boost-core:arm64-osx@1.89.0
  * boost-date-time:arm64-osx@1.89.0
  * boost-describe:arm64-osx@1.89.0
  * boost-detail:arm64-osx@1.89.0
  * boost-endian:arm64-osx@1.89.0
  * boost-exception:arm64-osx@1.89.0
  * boost-function:arm64-osx@1.89.0
  * boost-function-types:arm64-osx@1.89.0
  * boost-functional:arm64-osx@1.89.0
  * boost-fusion:arm64-osx@1.89.0
  * boost-headers:arm64-osx@1.89.0
  * boost-integer:arm64-osx@1.89.0
  * boost-intrusive:arm64-osx@1.89.0
  * boost-io:arm64-osx@1.89.0
  * boost-iterator:arm64-osx@1.89.0
  * boost-lexical-cast:arm64-osx@1.89.0
  * boost-logic:arm64-osx@1.89.0
  * boost-move:arm64-osx@1.89.0
  * boost-mp11:arm64-osx@1.89.0
  * boost-mpl:arm64-osx@1.89.0
  * boost-numeric-conversion:arm64-osx@1.89.0
  * boost-optional:arm64-osx@1.89.0
  * boost-pool:arm64-osx@1.89.0
  * boost-predef:arm64-osx@1.89.0
  * boost-preprocessor:arm64-osx@1.89.0
  * boost-range:arm64-osx@1.89.0
  * boost-regex:arm64-osx@1.89.0
  * boost-smart-ptr:arm64-osx@1.89.0
  * boost-static-assert:arm64-osx@1.89.0
  * boost-static-string:arm64-osx@1.89.0
  * boost-system:arm64-osx@1.89.0
  * boost-throw-exception:arm64-osx@1.89.0
  * boost-tokenizer:arm64-osx@1.89.0
  * boost-tuple:arm64-osx@1.89.0
  * boost-type-index:arm64-osx@1.89.0
  * boost-type-traits:arm64-osx@1.89.0
  * boost-typeof:arm64-osx@1.89.0
  * boost-uninstall:arm64-osx@1.89.0
  * boost-unordered:arm64-osx@1.89.0
  * boost-utility:arm64-osx@1.89.0
  * boost-variant2:arm64-osx@1.89.0
  * boost-winapi:arm64-osx@1.89.0
    cli11:arm64-osx@2.6.1
    glaze:arm64-osx@6.1.0
    gtest:arm64-osx@1.17.0#2
    openssl:arm64-osx@3.6.0#3
    quill:arm64-osx@11.0.1
  * vcpkg-boost:arm64-osx@2025-03-29
  * vcpkg-cmake:arm64-osx@2024-04-23
  * vcpkg-cmake-config:arm64-osx@2024-05-23
  * vcpkg-cmake-get-vars:arm64-osx@2025-05-29
    zstd:arm64-osx@1.5.7
Additional packages (*) will be modified to complete this operation.
Restored 67 package(s) from /Users/ray.manaloto@tastytrade.com/.cache/vcpkg/archives in 3.1 s. Use --debug to see more details.
Installing 1/67 vcpkg-cmake-config:arm64-osx@2024-05-23...
Elapsed time to handle vcpkg-cmake-config:arm64-osx: 9.88 ms
vcpkg-cmake-config:arm64-osx package ABI: 1492d353dfdabe5087370f7d36e87296b65215661dc36231214d59a465dc4906
Installing 2/67 vcpkg-cmake:arm64-osx@2024-04-23...
Elapsed time to handle vcpkg-cmake:arm64-osx: 8.78 ms
vcpkg-cmake:arm64-osx package ABI: a9505acc83850692c3ceeccdfde9604447dcddbf92c96261a8c0a999dacc2a35
Installing 3/67 bde:arm64-osx@4.18.0.0...
Elapsed time to handle bde:arm64-osx: 802 ms
bde:arm64-osx package ABI: 8ada47d7e5f272d537ce12d1f7bc37f9fb96489ba23526c276641cc7efc7257c
Installing 4/67 vcpkg-boost:arm64-osx@2025-03-29...
Elapsed time to handle vcpkg-boost:arm64-osx: 9.44 ms
vcpkg-boost:arm64-osx package ABI: f2dab632750128e99490d1ef4b43f609483c9e7dd08c92324936cdd2261dca8e
Installing 5/67 boost-uninstall:arm64-osx@1.89.0...
Elapsed time to handle boost-uninstall:arm64-osx: 13.4 ms
boost-uninstall:arm64-osx package ABI: 5571e727492f7cb707432d27a941cc3ac83c838a9aab03d3ab8d5eef5e7dae28
Installing 6/67 boost-cmake:arm64-osx@1.89.0...
Elapsed time to handle boost-cmake:arm64-osx: 12 ms
boost-cmake:arm64-osx package ABI: b13d462d9722c66a60fd9348539362d94beb56ca4398382657f5aa42abf7adee
Installing 7/67 boost-headers:arm64-osx@1.89.0...
Elapsed time to handle boost-headers:arm64-osx: 14 ms
boost-headers:arm64-osx package ABI: 5d80e1d79ae67e473e083797e43fb33cd6701150e85d374276961c11ab2cdba3
Installing 8/67 boost-config:arm64-osx@1.89.0...
Elapsed time to handle boost-config:arm64-osx: 167 ms
boost-config:arm64-osx package ABI: 54f600f1b0cf717f829422656e7d15b57c11c29ac388c79de1168b6451858dee
Installing 9/67 boost-assert:arm64-osx@1.89.0...
Elapsed time to handle boost-assert:arm64-osx: 15.2 ms
boost-assert:arm64-osx package ABI: 7647a618c6abd8a35a8d551a89f1f45b8a02dd5d3a5933fdaab4219420f1fe11
Installing 10/67 boost-throw-exception:arm64-osx@1.89.0...
Elapsed time to handle boost-throw-exception:arm64-osx: 12.3 ms
boost-throw-exception:arm64-osx package ABI: b549c230df5bcf4208d466b54b577d458bc86ddb40cacfca15e0efc6bdb6bcb1
Installing 11/67 boost-static-assert:arm64-osx@1.89.0...
Elapsed time to handle boost-static-assert:arm64-osx: 12.2 ms
boost-static-assert:arm64-osx package ABI: 2025bced956283c625036e643e6676c965b87b9b77d9909404bf1f66471e8865
Installing 12/67 boost-core:arm64-osx@1.89.0...
Elapsed time to handle boost-core:arm64-osx: 51 ms
boost-core:arm64-osx package ABI: 3e2c018e3a240830c251ce5fdc0f5e6bd3d02093538894dfbf9a960519569803
Installing 13/67 boost-smart-ptr:arm64-osx@1.89.0...
Elapsed time to handle boost-smart-ptr:arm64-osx: 66.7 ms
boost-smart-ptr:arm64-osx package ABI: 20e2a30232cc11e02f9532e6490ac41cac09f30ff897536548591aadca31bc92
Installing 14/67 boost-predef:arm64-osx@1.89.0...
Elapsed time to handle boost-predef:arm64-osx: 104 ms
boost-predef:arm64-osx package ABI: 8b4c6153f28478db2164a2b827da7f81d36c9c8be41d4275e9f85ce4ecaa300a
Installing 15/67 boost-winapi:arm64-osx@1.89.0...
Elapsed time to handle boost-winapi:arm64-osx: 132 ms
boost-winapi:arm64-osx package ABI: 8fc9eea89e9cdda9c9da14b9e6ce92627b050451ca97736d0c5e47effe467c0f
Installing 16/67 boost-type-traits:arm64-osx@1.89.0...
Elapsed time to handle boost-type-traits:arm64-osx: 197 ms
boost-type-traits:arm64-osx package ABI: 3705f8975eaa9efe41473ada84f799b3879576156c3bd04c2d2a02d88632eef6
Installing 17/67 boost-integer:arm64-osx@1.89.0...
Elapsed time to handle boost-integer:arm64-osx: 18.8 ms
boost-integer:arm64-osx package ABI: 0e02de15c769aff50f0fe01ec1e0fb060e270bc49d99b6e539d824af5b22b730
Installing 18/67 boost-pool:arm64-osx@1.89.0...
Elapsed time to handle boost-pool:arm64-osx: 22.1 ms
boost-pool:arm64-osx package ABI: 74d190992b51c82ab9b9bef231bde33dc8b872c9fa0128b1dbe0de880614b851
Installing 19/67 boost-mp11:arm64-osx@1.89.0...
Elapsed time to handle boost-mp11:arm64-osx: 31 ms
boost-mp11:arm64-osx package ABI: 3b08c53b329a2909dc74cb9beb1f38226afb935707b2a2a2e486c3f3b06cd9e0
Installing 20/67 boost-context:arm64-osx@1.89.0...
Elapsed time to handle boost-context:arm64-osx: 32.7 ms
boost-context:arm64-osx package ABI: 051f74031a8d83489cfb89a143bfc8c59c9f40913d7aa5cf150e7153b44dc4ac
Installing 21/67 boost-preprocessor:arm64-osx@1.89.0...
Elapsed time to handle boost-preprocessor:arm64-osx: 251 ms
boost-preprocessor:arm64-osx package ABI: 4d1c228486b3e8ede446ef6ab5c8380c1fc84c7d681e995170944e489dd512b9
Installing 22/67 boost-io:arm64-osx@1.89.0...
Elapsed time to handle boost-io:arm64-osx: 15.9 ms
boost-io:arm64-osx package ABI: 518330242fb6dd886dc00017dcd7d07c6700c7a18cdb5d3c425a8f03f1b95d1d
Installing 23/67 boost-utility:arm64-osx@1.89.0...
Elapsed time to handle boost-utility:arm64-osx: 30.4 ms
boost-utility:arm64-osx package ABI: cf1ee935022eef70b9ade6d0dada260a26d22a03947eed2d68defeaf73b563fc
Installing 24/67 boost-optional:arm64-osx@1.89.0...
Elapsed time to handle boost-optional:arm64-osx: 97.3 ms
boost-optional:arm64-osx package ABI: 3ab186b1a9d857b9a0a3df63d506d6a279d9e34b32f41d8d4f81e5480fcbf5a9
Installing 25/67 boost-mpl:arm64-osx@1.89.0...
Elapsed time to handle boost-mpl:arm64-osx: 2.7 s
boost-mpl:arm64-osx package ABI: eb05ee6f7a79eeabfe050287e67880899d4e6dd722ce028bc6bbd62ca36899ab
Installing 26/67 boost-typeof:arm64-osx@1.89.0...
Elapsed time to handle boost-typeof:arm64-osx: 107 ms
boost-typeof:arm64-osx package ABI: dd80b259c9a68c259248a63cff77c5e85b1b53b654f6ee19529e5ece34213b3e
Installing 27/67 boost-tuple:arm64-osx@1.89.0...
Elapsed time to handle boost-tuple:arm64-osx: 19.4 ms
boost-tuple:arm64-osx package ABI: d223b9bca94a789dc998aa6aaf85c37b934b25d97c0fd97280da124b9363ec0f
Installing 28/67 boost-detail:arm64-osx@1.89.0...
Elapsed time to handle boost-detail:arm64-osx: 35.4 ms
boost-detail:arm64-osx package ABI: f32f5e67fcf13829f1dfd1fad51ea072b1fbaf8d485edaf0ec9ec69256285f08
Installing 29/67 boost-function-types:arm64-osx@1.89.0...
Elapsed time to handle boost-function-types:arm64-osx: 59.7 ms
boost-function-types:arm64-osx package ABI: 9237fda8434b74c92e0ed0ad29848ec7688facd2b5f92895d123c68834a5d921
Installing 30/67 boost-bind:arm64-osx@1.89.0...
Elapsed time to handle boost-bind:arm64-osx: 27.5 ms
boost-bind:arm64-osx package ABI: b25d63f86c01d40590456c63be0a0933d85f7c8a0f4cb884a01699320175fc74
Installing 31/67 boost-function:arm64-osx@1.89.0...
Elapsed time to handle boost-function:arm64-osx: 20.9 ms
boost-function:arm64-osx package ABI: 01381c776460881c2ab4ad9b46de6e356b468763e783082a8b5eaf4a066d9738
Installing 32/67 boost-functional:arm64-osx@1.89.0...
Elapsed time to handle boost-functional:arm64-osx: 23.6 ms
boost-functional:arm64-osx package ABI: a4e9ec6c65e4a418b3ca6af6051f55505dc2612802058db60e1a98c734484ad5
Installing 33/67 boost-describe:arm64-osx@1.89.0...
Elapsed time to handle boost-describe:arm64-osx: 147 ms
boost-describe:arm64-osx package ABI: 46c8c96f25a7d45118ff153ec5887600e74d29173ebe4393d44901a169176690
Installing 34/67 boost-container-hash:arm64-osx@1.89.0...
Elapsed time to handle boost-container-hash:arm64-osx: 137 ms
boost-container-hash:arm64-osx package ABI: 0bc894706c3c809cbec2b582bf26f1bbb3a9e0e4c8dd25430fcbcb59b2f563d6
Installing 35/67 boost-fusion:arm64-osx@1.89.0...
Elapsed time to handle boost-fusion:arm64-osx: 3.3 s
boost-fusion:arm64-osx package ABI: b8c382127f31bef25062db1ad70a7ac322a8705b3bc83ad88b70db39da1077e4
Installing 36/67 boost-concept-check:arm64-osx@1.89.0...
Elapsed time to handle boost-concept-check:arm64-osx: 252 ms
boost-concept-check:arm64-osx package ABI: cf27b8f47e693c8bbc74935fb6a7f059af6277b3ee53918a5e0fd51fa0f673c0
Installing 37/67 boost-iterator:arm64-osx@1.89.0...
Elapsed time to handle boost-iterator:arm64-osx: 225 ms
boost-iterator:arm64-osx package ABI: 6c177197efbda34f74d22eaefbd4c51107b8c81299b2f9492073b2899e41a41a
Installing 38/67 boost-tokenizer:arm64-osx@1.89.0...
Elapsed time to handle boost-tokenizer:arm64-osx: 41.9 ms
boost-tokenizer:arm64-osx package ABI: 1ed99427d1ac73715a7b76d5ffd9e8285121eb24be2e60c6e9f46e7d9c67f461
Installing 39/67 boost-regex:arm64-osx@1.89.0...
Elapsed time to handle boost-regex:arm64-osx: 229 ms
boost-regex:arm64-osx package ABI: e4f96ed3b69dc73dc006f4eb16499f0931eb72bafc771eab1c7311ffa47557e2
Installing 40/67 boost-conversion:arm64-osx@1.89.0...
Elapsed time to handle boost-conversion:arm64-osx: 392 ms
boost-conversion:arm64-osx package ABI: fc3433169219f51fe9b2cc59a2f1280f321a8bee0002d6695390a63fc720698f
Installing 41/67 boost-array:arm64-osx@1.89.0...
Elapsed time to handle boost-array:arm64-osx: 543 ms
boost-array:arm64-osx package ABI: 51dc1019bc2e06780f31577e5171d6c0ffc54e23811e8a30a3653a0fe0834a87
Installing 42/67 boost-range:arm64-osx@1.89.0...
Elapsed time to handle boost-range:arm64-osx: 1.1 s
boost-range:arm64-osx package ABI: c915ba687ae82561e68389839eb7347e15a222bfef304691a859dda37773e330
Installing 43/67 boost-numeric-conversion:arm64-osx@1.89.0...
Elapsed time to handle boost-numeric-conversion:arm64-osx: 340 ms
boost-numeric-conversion:arm64-osx package ABI: ed900a6448cc6dda9ef0c422267c70d7f18257b790d234ff2a8b53f2326f01ed
Installing 44/67 boost-move:arm64-osx@1.89.0...
Elapsed time to handle boost-move:arm64-osx: 602 ms
boost-move:arm64-osx package ABI: b795418cceaa502ba20b4e7b6f8136717cb792336449ad8ebaa05f661f08da53
Installing 45/67 boost-intrusive:arm64-osx@1.89.0...
Elapsed time to handle boost-intrusive:arm64-osx: 335 ms
boost-intrusive:arm64-osx package ABI: 2203e06b86ee0307a78923bf1c9301df72317a85a3c7f1ad3d7f01f6ff548046
Installing 46/67 boost-container:arm64-osx@1.89.0...
Elapsed time to handle boost-container:arm64-osx: 211 ms
boost-container:arm64-osx package ABI: d1cf9455c1d41d062139e6f01709bea55f1c78dee6b63b74e4ade94710a1c972
Installing 47/67 boost-lexical-cast:arm64-osx@1.89.0...
Elapsed time to handle boost-lexical-cast:arm64-osx: 66 ms
boost-lexical-cast:arm64-osx package ABI: 6d4afbfdca2854436ac8713b6fc6da8bb36d886a766d989b57c2d0241877efba
Installing 48/67 boost-unordered:arm64-osx@1.89.0...
Elapsed time to handle boost-unordered:arm64-osx: 127 ms
boost-unordered:arm64-osx package ABI: 64e9f70bc8a6632819b9029ca9a31e5d38bd12e4036ae93d413bbf4d71a01e3e
Installing 49/67 boost-exception:arm64-osx@1.89.0...
Elapsed time to handle boost-exception:arm64-osx: 129 ms
boost-exception:arm64-osx package ABI: 2a7a23e7c8ffec410840e1c29aae852a37a98fd54f1c32b54e95840244def3fb
Installing 50/67 boost-algorithm:arm64-osx@1.89.0...
Elapsed time to handle boost-algorithm:arm64-osx: 498 ms
boost-algorithm:arm64-osx package ABI: 5fe2de53603f61e96965736e21b78526f87838efdf4bcc4d278a82708cadea71
Installing 51/67 boost-date-time:arm64-osx@1.89.0...
Elapsed time to handle boost-date-time:arm64-osx: 154 ms
boost-date-time:arm64-osx package ABI: d96dbd4ddee9992ba20cfb1ddf8ca7c1f08021cd3f47051f78b56bfa69334b4e
Installing 52/67 boost-variant2:arm64-osx@1.89.0...
Elapsed time to handle boost-variant2:arm64-osx: 156 ms
boost-variant2:arm64-osx package ABI: 58f768081b9f087915da47c8d5cb48b97fe91e2837abb37f4b53bce6c2e370c1
Installing 53/67 boost-system:arm64-osx@1.89.0...
Elapsed time to handle boost-system:arm64-osx: 160 ms
boost-system:arm64-osx package ABI: 33ef73121f86d04b60f2eb9de6436089f6af2f41d74116b71bad4bb3217328cb
Installing 54/67 boost-align:arm64-osx@1.89.0...
Elapsed time to handle boost-align:arm64-osx: 225 ms
boost-align:arm64-osx package ABI: 3030fb9573a32cc1f6a7b70eecfab6f40b1578c1e9d9acead0a901503b9ae09a
Installing 55/67 boost-asio[core,deadline-timer,spawn]:arm64-osx@1.89.0...
Elapsed time to handle boost-asio:arm64-osx: 3.3 s
boost-asio:arm64-osx package ABI: eaae0922463bf40e64e1024d7e118754ab2659ff2688c1407d17351ba5f777d0
Installing 56/67 boost-type-index:arm64-osx@1.89.0...
Elapsed time to handle boost-type-index:arm64-osx: 39.3 ms
boost-type-index:arm64-osx package ABI: 81834ccb256dfdd35b81cd5e1118c56b7e129ed73b6b8db03abfd87a8719135a
Installing 57/67 boost-static-string:arm64-osx@1.89.0...
Elapsed time to handle boost-static-string:arm64-osx: 26.3 ms
boost-static-string:arm64-osx package ABI: 402520f366bb24276a6816094287310551cfe7a1322437dff2155a95eb2f0164
Installing 58/67 boost-logic:arm64-osx@1.89.0...
Elapsed time to handle boost-logic:arm64-osx: 165 ms
boost-logic:arm64-osx package ABI: dfeb7e893efbb4a41c2cc1e5ad52db1975a12cc461d20f1c2a55048da025e9f2
Installing 59/67 boost-endian:arm64-osx@1.89.0...
Elapsed time to handle boost-endian:arm64-osx: 68.9 ms
boost-endian:arm64-osx package ABI: f82043a562868cfefcc23961c72f7e5bcafc0c20c2c5679b88610aecb62cd191
Installing 60/67 boost-beast:arm64-osx@1.89.0...
Elapsed time to handle boost-beast:arm64-osx: 823 ms
boost-beast:arm64-osx package ABI: 9c925c496bf35ebe71541b0add9014eb0fba1a2c826ecc883c37a2081fb88a2a
Installing 61/67 cli11:arm64-osx@2.6.1...
Elapsed time to handle cli11:arm64-osx: 567 ms
cli11:arm64-osx package ABI: 50e2b838d089a643fb169a3db2ecdd6dc0687d45cf3e8419d7b0ef88a14153ff
Installing 62/67 glaze:arm64-osx@6.1.0...
Elapsed time to handle glaze:arm64-osx: 2.3 s
glaze:arm64-osx package ABI: 1c66b7dda86be71b858ffdaaac528cbf4f51081ad2c1bf359337a2668f9e7de6
Installing 63/67 gtest:arm64-osx@1.17.0#2...
Elapsed time to handle gtest:arm64-osx: 532 ms
gtest:arm64-osx package ABI: 966114df21861430481439be50e8b9e0a3871c3e84c6fbbc69a5bd38047b632b
Installing 64/67 vcpkg-cmake-get-vars:arm64-osx@2025-05-29...
Elapsed time to handle vcpkg-cmake-get-vars:arm64-osx: 61.6 ms
vcpkg-cmake-get-vars:arm64-osx package ABI: 84a9bf3c2affb1b12ff9c8c998a3daca890cdca18a6a61e11004dabf4bd032fa
Installing 65/67 openssl:arm64-osx@3.6.0#3...
Elapsed time to handle openssl:arm64-osx: 307 ms
openssl:arm64-osx package ABI: 3d9ced22bf474413b1c69fd812206f1029026ac74d7d926cc06a0e6e2bc05446
Installing 66/67 quill:arm64-osx@11.0.1...
Elapsed time to handle quill:arm64-osx: 1.3 s
quill:arm64-osx package ABI: fcb0813c3499a702d4d304e4e482715d5a8d8ec8ea328b2a338544298c512b28
Installing 67/67 zstd:arm64-osx@1.5.7...
Elapsed time to handle zstd:arm64-osx: 285 ms
zstd:arm64-osx package ABI: c131b5ba149e0395f871dfbae122886f6e6742a4f582957b82236edd2b929ff5
Installed contents are licensed to you by owners. Microsoft is not responsible for, nor does it grant any licenses to, third-party packages.
Packages installed in this vcpkg installation declare the following licenses:
(BSD-3-Clause OR GPL-2.0-only)
Apache-2.0
BSD-3-Clause
BSL-1.0
MIT
bde provides CMake targets:

  # this is heuristically generated, and may not be correct
  find_package(bal CONFIG REQUIRED)
  # note: 7 additional targets are not displayed.
  target_link_libraries(main PRIVATE bal balb-iface ball-iface balm-iface)

  find_package(bdl CONFIG REQUIRED)
  # note: 16 additional targets are not displayed.
  target_link_libraries(main PRIVATE bdl bdlb-iface bdlc-iface bdld-iface)

  find_package(bsl CONFIG REQUIRED)
  # note: 13 additional targets are not displayed.
  target_link_libraries(main PRIVATE bsl bsla-iface bslh-iface bsls-iface)

  find_package(inteldfp CONFIG REQUIRED)
  target_link_libraries(main PRIVATE inteldfp)

  find_package(pcre2 CONFIG REQUIRED)
  target_link_libraries(main PRIVATE pcre2)

  find_package(ryu CONFIG REQUIRED)
  target_link_libraries(main PRIVATE ryu)

  find_package(s_baltst CONFIG REQUIRED)
  target_link_libraries(main PRIVATE s_baltst)

bde provides pkg-config modules:

  # bal 
  bal

  # bbl 
  bbl

  # bdl 
  bdl

  # bsl 
  bsl

  # inteldfp 
  inteldfp

  # pcre2 
  pcre2

  # ryu 
  ryu

  # s_baltst 
  s-baltst

boost-asio provides CMake targets:

  # this is heuristically generated, and may not be correct
  find_package(boost_asio CONFIG REQUIRED)
  target_link_libraries(main PRIVATE Boost::asio)

  find_package(boost_asio_core CONFIG REQUIRED)
  target_link_libraries(main PRIVATE Boost::asio_core)

  find_package(boost_asio_deadline_timer CONFIG REQUIRED)
  target_link_libraries(main PRIVATE Boost::asio_deadline_timer)

  find_package(boost_asio_spawn CONFIG REQUIRED)
  target_link_libraries(main PRIVATE Boost::asio_spawn)

boost-beast provides CMake targets:

  # this is heuristically generated, and may not be correct
  find_package(boost_beast CONFIG REQUIRED)
  target_link_libraries(main PRIVATE Boost::beast)

cli11 provides CMake targets:

  # this is heuristically generated, and may not be correct
  find_package(CLI11 CONFIG REQUIRED)
  target_link_libraries(main PRIVATE CLI11::CLI11)

cli11 provides pkg-config modules:

  # C++ command line parser
  CLI11

glaze provides CMake targets:

  # this is heuristically generated, and may not be correct
  find_package(glaze CONFIG REQUIRED)
  target_link_libraries(main PRIVATE glaze::glaze)

The package gtest is compatible with built-in CMake targets:

    enable_testing()
    
    find_package(GTest CONFIG REQUIRED)
    target_link_libraries(main PRIVATE GTest::gtest GTest::gtest_main GTest::gmock GTest::gmock_main)
    
    add_test(AllTestsInMain main)

openssl is compatible with built-in CMake targets:

  find_package(OpenSSL REQUIRED)
  target_link_libraries(main PRIVATE OpenSSL::SSL)
  target_link_libraries(main PRIVATE OpenSSL::Crypto)

quill provides CMake targets:

  # this is heuristically generated, and may not be correct
  find_package(quill CONFIG REQUIRED)
  target_link_libraries(main PRIVATE quill::quill)

quill provides pkg-config modules:

  # Low Latency C++ Logging Library
  quill

zstd provides CMake targets:

  find_package(zstd CONFIG REQUIRED)
  target_link_libraries(main PRIVATE zstd::libzstd)

All requested installations completed successfully in: 25 s
